App.tsx(35,10): error TS2614: Module '"./components/LegalFooter"' has no exported member 'LegalFooter'. Did you mean to use 'import LegalFooter from "./components/LegalFooter"' instead?
App_backup_swipe.tsx(35,10): error TS2614: Module '"./components/LegalFooter"' has no exported member 'LegalFooter'. Did you mean to use 'import LegalFooter from "./components/LegalFooter"' instead?
components/ScenarioManagerModal.tsx(2,10): error TS2305: Module '"../types"' has no exported member 'SavedScenario'.
components/UnionEcosystemModal.tsx(112,78): error TS2322: Type 'Language' is not assignable to type '"it" | "de"'.
  Type '"en"' is not assignable to type '"it" | "de"'.
components/UnionEcosystemModal.tsx(113,92): error TS2322: Type 'Language' is not assignable to type '"it" | "de"'.
  Type '"en"' is not assignable to type '"it" | "de"'.
components/UnionEcosystemModal.tsx(114,79): error TS2322: Type 'Language' is not assignable to type '"it" | "de"'.
  Type '"en"' is not assignable to type '"it" | "de"'.
components/UnionEcosystemModal.tsx(115,78): error TS2322: Type 'Language' is not assignable to type '"it" | "de"'.
  Type '"en"' is not assignable to type '"it" | "de"'.
components/UnionEcosystemModal.tsx(116,82): error TS2322: Type 'Language' is not assignable to type '"it" | "de"'.
  Type '"en"' is not assignable to type '"it" | "de"'.
components/UnionEcosystemModal.tsx(117,89): error TS2322: Type 'Language' is not assignable to type '"it" | "de"'.
  Type '"en"' is not assignable to type '"it" | "de"'.
COPYRIGHT_DEPOSIT_2024/App.tsx(10,26): error TS2307: Cannot find module './utils/supabaseClient' or its corresponding type declarations.
COPYRIGHT_DEPOSIT_2024/App.tsx(11,49): error TS2307: Cannot find module './types' or its corresponding type declarations.
COPYRIGHT_DEPOSIT_2024/App.tsx(14,24): error TS2307: Cannot find module './components/InputPanel' or its corresponding type declarations.
COPYRIGHT_DEPOSIT_2024/App.tsx(15,29): error TS2307: Cannot find module './components/CondoInputPanel' or its corresponding type declarations.
COPYRIGHT_DEPOSIT_2024/App.tsx(18,31): error TS2307: Cannot find module './hooks/useSmartState' or its corresponding type declarations.
COPYRIGHT_DEPOSIT_2024/App.tsx(19,35): error TS2307: Cannot find module './components/TargetCalculatorModal' or its corresponding type declarations.
COPYRIGHT_DEPOSIT_2024/App.tsx(20,40): error TS2307: Cannot find module './components/NetworkVisualizerModal' or its corresponding type declarations.
COPYRIGHT_DEPOSIT_2024/App.tsx(21,32): error TS2307: Cannot find module './components/DetailedGuideModal' or its corresponding type declarations.
COPYRIGHT_DEPOSIT_2024/App.tsx(22,31): error TS2307: Cannot find module './components/ContractInfoModal' or its corresponding type declarations.
COPYRIGHT_DEPOSIT_2024/App.tsx(23,47): error TS2307: Cannot find module './contexts/LanguageContext' or its corresponding type declarations.
COPYRIGHT_DEPOSIT_2024/App.tsx(24,30): error TS2307: Cannot find module './components/InstallModal' or its corresponding type declarations.
COPYRIGHT_DEPOSIT_2024/App.tsx(25,31): error TS2307: Cannot find module './components/FutureTicketModal' or its corresponding type declarations.
COPYRIGHT_DEPOSIT_2024/App.tsx(28,29): error TS2307: Cannot find module './components/LegalFooter' or its corresponding type declarations.
COPYRIGHT_DEPOSIT_2024/App.tsx(30,35): error TS2307: Cannot find module './components/ScrollToTopButton' or its corresponding type declarations.
COPYRIGHT_DEPOSIT_2024/App.tsx(31,30): error TS2307: Cannot find module './components/PremiumModal' or its corresponding type declarations.
COPYRIGHT_DEPOSIT_2024/App.tsx(32,37): error TS2307: Cannot find module './components/InAppBrowserOverlay' or its corresponding type declarations.
COPYRIGHT_DEPOSIT_2024/App.tsx(35,21): error TS2307: Cannot find module './components/icons/SunIcon' or its corresponding type declarations.
COPYRIGHT_DEPOSIT_2024/App.tsx(36,22): error TS2307: Cannot find module './components/icons/MoonIcon' or its corresponding type declarations.
COPYRIGHT_DEPOSIT_2024/App.tsx(37,24): error TS2307: Cannot find module './components/icons/TargetIcon' or its corresponding type declarations.
COPYRIGHT_DEPOSIT_2024/App.tsx(38,63): error TS2307: Cannot find module './components/icons/ModeIcons' or its corresponding type declarations.
COPYRIGHT_DEPOSIT_2024/App.tsx(39,40): error TS2307: Cannot find module './components/icons/Flags' or its corresponding type declarations.
COPYRIGHT_DEPOSIT_2024/App.tsx(40,26): error TS2307: Cannot find module './components/icons/CrownIcon' or its corresponding type declarations.
COPYRIGHT_DEPOSIT_2024/App.tsx(41,28): error TS2307: Cannot find module './components/BackgroundMesh' or its corresponding type declarations.
COPYRIGHT_DEPOSIT_2024/App.tsx(42,29): error TS2307: Cannot find module './components/DisclaimerModal' or its corresponding type declarations.
COPYRIGHT_DEPOSIT_2024/App.tsx(43,33): error TS2307: Cannot find module './components/PaymentSuccessModal' or its corresponding type declarations.
COPYRIGHT_DEPOSIT_2024/components/CondoResultsDisplay.tsx(3,39): error TS2307: Cannot find module '../types' or its corresponding type declarations.
COPYRIGHT_DEPOSIT_2024/components/CondoResultsDisplay.tsx(4,33): error TS2307: Cannot find module './AssetEquivalentCard' or its corresponding type declarations.
COPYRIGHT_DEPOSIT_2024/components/CondoResultsDisplay.tsx(5,29): error TS2307: Cannot find module '../contexts/LanguageContext' or its corresponding type declarations.
COPYRIGHT_DEPOSIT_2024/components/ResultsDisplay.tsx(2,61): error TS2307: Cannot find module '../types' or its corresponding type declarations.
COPYRIGHT_DEPOSIT_2024/components/ResultsDisplay.tsx(3,25): error TS2307: Cannot find module './GrowthChart' or its corresponding type declarations.
COPYRIGHT_DEPOSIT_2024/components/ResultsDisplay.tsx(4,27): error TS2307: Cannot find module './BonusProgress' or its corresponding type declarations.
COPYRIGHT_DEPOSIT_2024/components/ResultsDisplay.tsx(5,29): error TS2307: Cannot find module './DreamVisualizer' or its corresponding type declarations.
COPYRIGHT_DEPOSIT_2024/components/ResultsDisplay.tsx(6,31): error TS2307: Cannot find module './FreedomCalculator' or its corresponding type declarations.
COPYRIGHT_DEPOSIT_2024/components/ResultsDisplay.tsx(7,31): error TS2307: Cannot find module './PensionCalculator' or its corresponding type declarations.
COPYRIGHT_DEPOSIT_2024/components/ResultsDisplay.tsx(8,29): error TS2307: Cannot find module './AssetComparator' or its corresponding type declarations.
COPYRIGHT_DEPOSIT_2024/components/ResultsDisplay.tsx(9,28): error TS2307: Cannot find module './TimeMultiplier' or its corresponding type declarations.
COPYRIGHT_DEPOSIT_2024/components/ResultsDisplay.tsx(10,26): error TS2307: Cannot find module './InactionCost' or its corresponding type declarations.
COPYRIGHT_DEPOSIT_2024/components/ResultsDisplay.tsx(11,26): error TS2307: Cannot find module './ZeroCostGoal' or its corresponding type declarations.
COPYRIGHT_DEPOSIT_2024/components/ResultsDisplay.tsx(12,33): error TS2307: Cannot find module './CustomerBenefitCard' or its corresponding type declarations.
COPYRIGHT_DEPOSIT_2024/components/ResultsDisplay.tsx(13,26): error TS2307: Cannot find module './GoldenNoCard' or its corresponding type declarations.
COPYRIGHT_DEPOSIT_2024/components/ResultsDisplay.tsx(15,32): error TS2307: Cannot find module './ScenarioComparator' or its corresponding type declarations.
COPYRIGHT_DEPOSIT_2024/components/ResultsDisplay.tsx(16,28): error TS2307: Cannot find module './QuickPitchMode' or its corresponding type declarations.
COPYRIGHT_DEPOSIT_2024/components/ResultsDisplay.tsx(17,29): error TS2307: Cannot find module './QuickNavigation' or its corresponding type declarations.
COPYRIGHT_DEPOSIT_2024/components/ResultsDisplay.tsx(20,29): error TS2307: Cannot find module '../contexts/LanguageContext' or its corresponding type declarations.
COPYRIGHT_DEPOSIT_2024/components/ResultsDisplay.tsx(22,29): error TS2307: Cannot find module './ProjectionModal' or its corresponding type declarations.
COPYRIGHT_DEPOSIT_2024/hooks/useCondoSimulation.ts(3,75): error TS2307: Cannot find module '../types' or its corresponding type declarations.
COPYRIGHT_DEPOSIT_2024/hooks/useSimulation.ts(2,91): error TS2307: Cannot find module '../types' or its corresponding type declarations.
hooks/useScenarios.ts(2,43): error TS2305: Module '"../types"' has no exported member 'SavedScenario'.
